[Fri Aug 21 10:23:00 PM CEST 2026] job 5748812 array-task none on r11ch04b04.lem.kdm.wcss.pl
modules   initialised from /etc/profile.d/modules.sh
Loading Python/3.12.3-GCCcore-13.3.0
  Loading requirement: GCCcore/13.3.0 zlib/1.3.1-GCCcore-13.3.0
    binutils/2.42-GCCcore-13.3.0 bzip2/1.0.8-GCCcore-13.3.0
    ncurses/6.5-GCCcore-13.3.0 libreadline/8.2-GCCcore-13.3.0
    Tcl/8.6.14-GCCcore-13.3.0 SQLite/3.45.3-GCCcore-13.3.0
    XZ/5.4.5-GCCcore-13.3.0 libffi/3.4.5-GCCcore-13.3.0 OpenSSL/3
module    Python/3.12.3-GCCcore-13.3.0
WORKDIR   /lustre/pd03/hpc-iwowoj-1781179048/quantum-hybrids-A
OUTROOT   /lustre/pd03/hpc-iwowoj-1781179048/quantum-hybrids-A/outputs/a7
PYTHON    /lustre/pd03/hpc-iwowoj-1781179048/quantum-hybrids-A/.venv-linux/bin/python
commit    unknown
cpus      2
cmd       /lustre/pd03/hpc-iwowoj-1781179048/quantum-hybrids-A/.venv-linux/bin/python scripts/run_main_series.py --prepare-datasets
python    Python 3.12.3
-----------------------------------------------------------------------
ds11  hyperplanes_n_features20_n_hyperplanes3_dim_hyperplanes5_seed11
    dataset_hash 4360508611e0e8963c01cd3994e98f0e069bb3b004ae6b18c71eecbf920853d1
    pca_hash     2bf856a6c49a9c38010e4b719cd3d58e50f10d0c5c7048ed32accf1d9872633f
    file_sha256  5e519b749c22b488b0e69b423155c0b95cb2dcfaebf569f3ac6d6421ec333bfb
    evr1         0.758533
Traceback (most recent call last):
  File "/lustre/pd03/hpc-iwowoj-1781179048/quantum-hybrids-A/scripts/run_main_series.py", line 2343, in <module>
    main()
  File "/lustre/pd03/hpc-iwowoj-1781179048/quantum-hybrids-A/scripts/run_main_series.py", line 2330, in main
    manifest = ensure_dataset(dataset_seed, allow_generate=not args.no_generate)
               ^^^^^^^^^^^^^^^^^^^^^^^^^^^^^^^^^^^^^^^^^^^^^^^^^^^^^^^^^^^^^^^^^
  File "/lustre/pd03/hpc-iwowoj-1781179048/quantum-hybrids-A/scripts/run_main_series.py", line 347, in ensure_dataset
    assert value.startswith(prefix), (
           ^^^^^^^^^^^^^^^^^^^^^^^^
AssertionError: generator seed 22: dataset_hash 9929d2cdf214035f5e67118e0308a59df233f1a56f6cfde40cd14ab3fb806154 does not start with daf152204bbd7292. Either the generation chain changed or the file was edited; every number measured on this dataset would answer a different question.
-----------------------------------------------------------------------
[Fri Aug 21 10:23:17 PM CEST 2026] exit status 1
