[Fri Aug 21 10:28:01 PM CEST 2026] job 5748821 array-task none on r11ch04b04.lem.kdm.wcss.pl
modules   initialised from /etc/profile.d/modules.sh
Loading Python/3.12.3-GCCcore-13.3.0
  Loading requirement: GCCcore/13.3.0 zlib/1.3.1-GCCcore-13.3.0
    binutils/2.42-GCCcore-13.3.0 bzip2/1.0.8-GCCcore-13.3.0
    ncurses/6.5-GCCcore-13.3.0 libreadline/8.2-GCCcore-13.3.0
    Tcl/8.6.14-GCCcore-13.3.0 SQLite/3.45.3-GCCcore-13.3.0
    XZ/5.4.5-GCCcore-13.3.0 libffi/3.4.5-GCCcore-13.3.0 OpenSSL/3
module    Python/3.12.3-GCCcore-13.3.0
WORKDIR   /lustre/pd03/hpc-iwowoj-1781179048/quantum-hybrids-A
OUTROOT   /lustre/pd03/hpc-iwowoj-1781179048/quantum-hybrids-A/outputs/a7
PYTHON    /lustre/pd03/hpc-iwowoj-1781179048/quantum-hybrids-A/.venv-linux/bin/python
commit    unknown
cpus      2
cmd       /lustre/pd03/hpc-iwowoj-1781179048/quantum-hybrids-A/.venv-linux/bin/python scripts/run_main_series.py --prepare-datasets
python    Python 3.12.3
-----------------------------------------------------------------------
ds11  hyperplanes_n_features20_n_hyperplanes3_dim_hyperplanes5_seed11
    dataset_hash 4360508611e0e8963c01cd3994e98f0e069bb3b004ae6b18c71eecbf920853d1
    pca_hash     2bf856a6c49a9c38010e4b719cd3d58e50f10d0c5c7048ed32accf1d9872633f
    file_sha256  5e519b749c22b488b0e69b423155c0b95cb2dcfaebf569f3ac6d6421ec333bfb
    evr1         0.758533
ds22  hyperplanes_n_features20_n_hyperplanes3_dim_hyperplanes5_seed22
    dataset_hash daf152204bbd72927ebe009bee77245588374523bc0144bb5e7d3d282686d97e
    pca_hash     f087808ca635cff7ff23816ed69bcf872092e3ee826c2b73a96b833594ccb0d5
    file_sha256  3dc8d3e1e30004f1ab48143906696502e86edc5357c638f7046ec3c86bf57ac5
    evr1         0.761046
ds33  hyperplanes_n_features20_n_hyperplanes3_dim_hyperplanes5_seed33
    dataset_hash 5d05157a8a23e9156d9012fe5bfc8926359e808f10eae8c6681f7702f3b4462c
    pca_hash     536dc33fc72f70f24b5e4a66498bcb9f9e3efe2f2c171de6faeab9c91f3265a1
    file_sha256  648ab550df5c4fc929646ed72d82399a25853cba9ccd789f99a5e9c6c5c7711f
    evr1         0.797296
datasets ready and hash-checked; start the jobs with --no-generate
-----------------------------------------------------------------------
[Fri Aug 21 10:28:12 PM CEST 2026] exit status 0
